// Jest Snapshot v1, https://goo.gl/fbAQLP

exports[`MetadataSection Component renders correctly with data 1`] = `
<div
  className="dataset-container"
>
  <div
    className="d-link"
  >
    <i
      aria-hidden="true"
      className="icon file pdf"
      onClick={[Function]}
    />
    <a
      href="https://sdi.eea.europa.eu/catalogue/datahub/api/records/undefined/formatters/xsl-view?output=pdf&language=eng&approved=true"
      rel="noreferrer"
      target="_blank"
    >
      Metadata Factsheet
    </a>
  </div>
  <div
    className="d-link"
  >
    <i
      aria-hidden="true"
      className="icon ri-external-link-line"
      onClick={[Function]}
    />
    <a
      href="https://sdi.eea.europa.eu/catalogue/srv/eng/catalog.search#/metadata/undefined"
      rel="noreferrer"
      target="_blank"
    >
      Metadata catalogue
    </a>
  </div>
</div>
`;
