// Jest Snapshot v1, https://goo.gl/fbAQLP

exports[`SVGIcon should render SVGIcon correctly 1`] = `
<svg
  class="icon test"
  style="height: 32px; width: auto; fill: currentColor;"
  viewBox="0 0 32 32"
  xmlns="http://www.w3.org/2000/svg"
>
  <title>
    test title
  </title>
  <path
    d="M2 9h28l-14 14L2 9z"
  />
</svg>
`;
